wandb: [wandb.login()] Loaded credentials for https://api.wandb.ai from /home/bertasiu/.netrc.
wandb: Currently logged in as: r0kasb (r0kasb-epfl) to https://api.wandb.ai. Use `wandb login --relogin` to force relogin
wandb: setting up run mtmoy74f
wandb: Tracking run with wandb version 0.26.1
wandb: Run data is saved locally in /home/bertasiu/resaction-nav/wandb/run-20260513_200304-mtmoy74f
wandb: Run `wandb offline` to turn off syncing.
wandb: Syncing run exp1-adaptive
wandb: ⭐️ View project at https://wandb.ai/r0kasb-epfl/ai2thor-rl
wandb: 🚀 View run at https://wandb.ai/r0kasb-epfl/ai2thor-rl/runs/mtmoy74f
Traceback (most recent call last):
  File "/home/bertasiu/resaction-nav/scripts/run_pipeline.py", line 80, in <module>
    summary = run_pipeline(cfg_path=args.cfg, resume=args.resume, smoke=args.smoke, agent_type=args.agent)
          ^^^^^^^^^^^^^^^^^^^^^^^^^^^^^^^^^^^^^^^^^^^^^^^^^^^^^^^^^^^^^^^^^^^^^^^^^^^^^^^^^^^^^^^^^^^^
  File "/home/bertasiu/resaction-nav/scripts/run_pipeline.py", line 57, in run_pipeline
    return train_module.run_training_pipeline(cfg=cfg, resume_path=resume, agent_type=agent_type)
           ^^^^^^^^^^^^^^^^^^^^^^^^^^^^^^^^^^^^^^^^^^^^^^^^^^^^^^^^^^^^^^^^^^^^^^^^^^^^^^^^^^^^^^
  File "/home/bertasiu/resaction-nav/scripts/train.py", line 467, in run_training_pipeline
    envs.append(ThorEnv(**env_instance_cfg, reward_cfg=reward_cfg))
                ^^^^^^^^^^^^^^^^^^^^^^^^^^^^^^^^^^^^^^^^^^^^^^^^^^
  File "/home/bertasiu/resaction-nav/src/simulation/thor_env.py", line 138, in __init__
    self.controller = Controller(**controller_options)
                      ^^^^^^^^^^^^^^^^^^^^^^^^^^^^^^^^
  File "/home/bertasiu/resaction-nav/.venv/lib/python3.12/site-packages/ai2thor/controller.py", line 518, in __init__
    self.start(
  File "/home/bertasiu/resaction-nav/.venv/lib/python3.12/site-packages/ai2thor/controller.py", line 1436, in start
    self._start_unity_thread(env, width, height, unity_params, image_name)
  File "/home/bertasiu/resaction-nav/.venv/lib/python3.12/site-packages/ai2thor/controller.py", line 1126, in _start_unity_thread
    command = self.unity_command(width, height, self.headless)
              ^^^^^^^^^^^^^^^^^^^^^^^^^^^^^^^^^^^^^^^^^^^^^^^^
  File "/home/bertasiu/resaction-nav/.venv/lib/python3.12/site-packages/ai2thor/controller.py", line 1050, in unity_command
    raise RuntimeError(
RuntimeError: vulkaninfo failed to run, please ask your administrator to install `vulkaninfo` (e.g. on Ubuntu systems this requires running `sudo apt install vulkan-tools`).
